// Jest Snapshot v1, https://goo.gl/fbAQLP

exports[`renders HeaderNav 1`] = `
<Fragment>
  <div
    className="footer-block"
  >
    <div>
      v 
      1.0.0
    </div>
  </div>
  <div
    className="footer-block"
  >
    <div>
      Â© LighthouseFilmLab, 2020
    </div>
  </div>
</Fragment>
`;
